// Jest Snapshot v1, https://goo.gl/fbAQLP

exports[`CourseCard should match snapshot 1`] = `
<BrowserRouter>
  <Router
    history={
      Object {
        "action": "POP",
        "block": [Function],
        "createHref": [Function],
        "go": [Function],
        "goBack": [Function],
        "goForward": [Function],
        "length": 1,
        "listen": [Function],
        "location": Object {
          "hash": "",
          "pathname": "/",
          "search": "",
          "state": undefined,
        },
        "push": [Function],
        "replace": [Function],
      }
    }
  >
    <Provider
      store={
        Object {
          "clearActions": [Function],
          "dispatch": [Function],
          "getActions": [Function],
          "getState": [Function],
          "replaceReducer": [Function],
          "subscribe": [Function],
        }
      }
    >
      <CourseCard>
        <Link
          to="courses/undefined"
        >
          <LinkAnchor
            href="/courses/undefined"
            navigate={[Function]}
          >
            <a
              href="/courses/undefined"
              onClick={[Function]}
            >
              <div
                className="coursecard"
              >
                <img
                  className="thumbnail"
                />
                <div
                  className="course-info"
                >
                  <img
                    alt="badge"
                    className="badge-icon"
                    width="50px"
                  />
                  <h3
                    className="category"
                  />
                  <h3
                    className="title"
                  />
                  <p
                    className="description"
                  />
                  <div
                    className="card-buttons"
                  >
                    <button
                      className="add-to-list-btn"
                      onClick={[Function]}
                    >
                      Add To My List
                    </button>
                    <button
                      className="begin-course-btn"
                    >
                      Begin Course
                    </button>
                  </div>
                </div>
              </div>
            </a>
          </LinkAnchor>
        </Link>
      </CourseCard>
    </Provider>
  </Router>
</BrowserRouter>
`;
