// Jest Snapshot v1, https://goo.gl/fbAQLP

exports[`Header should match snapshot 1`] = `
<header>
  <Link
    className="logo"
    id="logo"
    to="/"
  >
    <h1>
      INTREP
      <span
        className="ed"
      >
        ED
      </span>
    </h1>
  </Link>
  <div>
    <button
      className="sign-in-btn"
    >
       Sign In 
    </button>
    <button
      className="sign-up-btn"
    >
       Sign Up 
    </button>
  </div>
</header>
`;
