// Jest Snapshot v1, https://goo.gl/fbAQLP

exports[`Dashboard should match snapshot 1`] = `
<BrowserRouter>
  <Router
    history={
      Object {
        "action": "POP",
        "block": [Function],
        "createHref": [Function],
        "go": [Function],
        "goBack": [Function],
        "goForward": [Function],
        "length": 1,
        "listen": [Function],
        "location": Object {
          "hash": "",
          "pathname": "/",
          "search": "",
          "state": undefined,
        },
        "push": [Function],
        "replace": [Function],
      }
    }
  >
    <Provider
      store={
        Object {
          "clearActions": [Function],
          "dispatch": [Function],
          "getActions": [Function],
          "getState": [Function],
          "replaceReducer": [Function],
          "subscribe": [Function],
        }
      }
    >
      <Dashboard
        id={1}
      >
        <main
          className="dashboard"
        >
          <h2>
            Completed Courses
          </h2>
          <h6>
            Click To Rewatch!
          </h6>
          <section
            className="courses-in-progress"
          >
            <h2
              className="blank-field-msg"
            >
              No Courses Started Yet!
            </h2>
          </section>
          <h2>
            Watch List
          </h2>
          <section
            className="watch-list"
          >
            <h2
              className="blank-field-msg"
            >
              Add Some Courses To Your Watch List!
            </h2>
          </section>
          <h2>
            Badges
          </h2>
          <section
            className="badges"
          >
            <h2
              className="blank-field-msg"
            >
              Complete Some Courses To Start Earning Badges!
            </h2>
          </section>
        </main>
      </Dashboard>
    </Provider>
  </Router>
</BrowserRouter>
`;
